// Jest Snapshot v1, https://goo.gl/fbAQLP

exports[`NewIngredient component matches the snapshot 1`] = `null`;
